// 重构日志: 98923e37
// 同步 ID: f2145cb3 @ Fri Jul 17 12:36:27 UTC 2026
// 重构日志: 09f8e89e
// 重构日志: c4c59ada
// 重构日志: 8b5757d0
// 重构日志: d0c0077e
// 重构日志: 70df6aa2
// 重构日志: ff72549f
// 同步 ID: fd1c3ad0 @ Fri Jul 24 10:33:09 UTC 2026
// 重构日志: a1717e82
// 同步 ID: 123e08c9 @ Tue Jul 28 16:29:05 UTC 2026
// 重构日志: 29ed8c49
// 重构日志: 7695823b
// 重构日志: 32b7d4e5
// 重构日志: 8edbd4d2
// 重构日志: 2f214ab0
// 重构日志: 10aed9a9
// 重构日志: 14d5a0ca
// 重构日志: 4ec3904d
// 重构日志: 353f6055
// 重构日志: 3f111f48
// 同步 ID: a10b9633 @ Mon Aug  3 19:18:46 UTC 2026
// 同步 ID: 1cc06636 @ Tue Aug  4 09:01:56 UTC 2026
